SFG: 7_2-main__s2.sfg

Offset  Macro node                          Source ref           Cycle Instr Words    Scheduling graphs + reports
------  ----------------------------------  -------------------  ----- ----- -----    ---------------------------
        block m1                            [../src/7_2.cc:70] 
000000  .  block m2489                                             182   182  1536    [m2489.dot]
        .  do m3                            [../src/7_2.cc:70] 
        .  .  block m5                      [../src/7_2.cc:70] 
001536  .  .  .  block m3224                                        14    14    96    [m3224.dot]
        .  .  .  if m8                      [../src/7_2.cc:150]
        .  .  .  .  else m11                [../src/7_2.cc:150]
001632  .  .  .  .  .  block m3399                                  11    11    96    [m3399.dot]
        .  .  .  .  .  do m13               [../src/7_2.cc:150]
        .  .  .  .  .  .  block m15         [../src/7_2.cc:150]
        .  .  .  .  .  .  .  block m85                               0     0     0   
        .  .  .  .  .  .  .  call m86       [../src/7_2.cc:154]
001728  .  .  .  .  .  .  .  block m91                               1     1     4    [m91.dot]
        .  .  .  .  .  .  .  call m92       [../src/7_2.cc:155]
001732  .  .  .  .  .  .  .  block m97                               4     4    10    [m97.dot]
        .  .  .  .  .  .  .  call m98       [../src/7_2.cc:156]
001742  .  .  .  .  .  .  .  block m103                              4     4    10    [m103.dot]
        .  .  .  .  .  .  .  call m104      [../src/7_2.cc:157]
001752  .  .  .  .  .  .  .  block m109                              4     4    10    [m109.dot]
        .  .  .  .  .  .  .  call m110      [../src/7_2.cc:158]
001762  .  .  .  .  .  .  .  block m115                              4     4    10    [m115.dot]
        .  .  .  .  .  .  .  call m116      [../src/7_2.cc:159]
001772  .  .  .  .  .  .  .  block m121                              4     4    10    [m121.dot]
        .  .  .  .  .  .  .  call m122      [../src/7_2.cc:160]
001782  .  .  .  .  .  .  .  block m127                              4     4    10    [m127.dot]
        .  .  .  .  .  .  .  call m128      [../src/7_2.cc:161]
001792  .  .  .  .  .  .  .  block m133                              4     4    10    [m133.dot]
        .  .  .  .  .  .  .  call m134      [../src/7_2.cc:162]
001802  .  .  .  .  .  .  .  block m139                              4     4    10    [m139.dot]
        .  .  .  .  .  .  .  call m140      [../src/7_2.cc:163]
001812  .  .  .  .  .  .  .  block m145                              4     4    10    [m145.dot]
        .  .  .  .  .  .  .  call m146      [../src/7_2.cc:164]
001822  .  .  .  .  .  .  .  block m151                              4     4    10    [m151.dot]
        .  .  .  .  .  .  .  call m152      [../src/7_2.cc:165]
001832  .  .  .  .  .  .  .  block m155                              4     4    10    [m155.dot]
        .  .  .  .  .  .  .  call m156      [../src/7_2.cc:165]
001842  .  .  .  .  .  .  .  block m636                             11    11    62    [m636.dot]
        .  .  .  .  .  .  .  call m158      [../src/7_2.cc:166]
001904  .  .  .  .  .  .  .  block m165                             14    14    96    [m165.dot]
        .  .  .  .  .  .  .  call m166      [../src/7_2.cc:177]
002000  .  .  .  .  .  .  .  block m171                              2     2     6    [m171.dot]
        .  .  .  .  .  .  .  call m172      [../src/7_2.cc:180]
002006  .  .  .  .  .  .  .  block m177                              4     4    10    [m177.dot]
        .  .  .  .  .  .  .  call m178      [../src/7_2.cc:183]
002016  .  .  .  .  .  .  .  block m183                              4     4    10    [m183.dot]
        .  .  .  .  .  .  .  call m184      [../src/7_2.cc:186]
002026  .  .  .  .  .  .  .  block m189                              4     4    10    [m189.dot]
        .  .  .  .  .  .  .  call m190      [../src/7_2.cc:189]
002036  .  .  .  .  .  .  .  block m195                              4     4    10    [m195.dot]
        .  .  .  .  .  .  .  call m196      [../src/7_2.cc:192]
002046  .  .  .  .  .  .  .  block m201                              4     4    10    [m201.dot]
        .  .  .  .  .  .  .  call m202      [../src/7_2.cc:193]
002056  .  .  .  .  .  .  .  block m207                              4     4    10    [m207.dot]
        .  .  .  .  .  .  .  call m208      [../src/7_2.cc:194]
002066  .  .  .  .  .  .  .  block m213                              4     4    10    [m213.dot]
        .  .  .  .  .  .  .  call m214      [../src/7_2.cc:195]
002076  .  .  .  .  .  .  .  block m219                              4     4    10    [m219.dot]
        .  .  .  .  .  .  .  call m220      [../src/7_2.cc:196]
002086  .  .  .  .  .  .  .  block m225                              4     4    10    [m225.dot]
        .  .  .  .  .  .  .  call m226      [../src/7_2.cc:197]
002096  .  .  .  .  .  .  .  block m229                              4     4    10    [m229.dot]
        .  .  .  .  .  .  .  call m230      [../src/7_2.cc:197]
002106  .  .  .  .  .  .  .  block m3374                            64    64   588    [m3374.dot]
002694  .  .  .  .  .  block m3398                                   6     6    42    [m3398.dot]
002736  .  .  .  .  then m10                                         1     1    16    [m10.dot]
        .  .  .  block m232                                          0     0     0   
        .  .  .  call m3400                 [../src/7_2.cc:70] 
002752  .  .  .  block m3401                                         8     8    16    [m3401.dot]
        .  .  .  call m233                  [../src/7_2.cc:241]
002768  .  .  .  block m236                                          1     1     4    [m236.dot]
        .  .  .  call m3402                 [../src/7_2.cc:70] 
002772  .  .  .  block m3403                                         5     5    10    [m3403.dot]
        .  .  .  call m237                  [../src/7_2.cc:241]
002782  .  .  .  block m1254                                        15    15    44    [m1254.dot]
002826  .  block m240                                               20    20    78    [m240.dot]

Total cycles: 439, total instrs: 439, total words: 2904


Bundle schedule (instruction words shown before relocation)
---------------
000000  m2489    30 04 52 c2 09 a0 42 04 02 80 00 3f                b7507 (MOV.s10 m0, #17)             b7482 (MOV.s9 r2, #16)              b7505 (MOV.s12 m1, #832)            b7469 (MOV.u20 cl2, #0)            
000012           08 92 11 c7 08 00 78 04 0c 00 00 3f                b654  (PADDA [sp], m1)              b7493 (MOV.s9 r1, #56)              b7464 (MOV.s12 r12, #0)             b7483 (MOV.u20 r0, #0)             
000024           32 04 d3 c0 48 1a 7e 04 0d 80 00 3f                b7509 (MOV.s10 m2, #19)             b7512 (MOV.s9 r3, #2)               b7488 (MOV.s12 r15, #52)            b7475 (MOV.u20 r6, #0)             
000036           31 08 5d c6 a8 09 70 0d af f2 84 3f                b7508 (MOV.s10 m1, #33)             b7510 (MOV.s9 r13, #53)             b7486 (MOV.s12 r8, #18)             b655  (ST.SPIL cl2, [sp, #-216])   
000048           34 09 d5 c5 6f 1e 46 0d af f1 c4 3f                b7515 (MOV.s10 m4, #39)             b7517 (MOV.s9 r5, #43)              b7522 (MOV.s12 m3, #-452)           b669  (ST.SPIL cl2, [sp, #-228])   
000060           00 00 17 c4 0e b6 4a 0f 2f f3 84 3f                b7484 (MOV.s9 r7, #32)              b7526 (MOV.s12 m5, #-660)           b670  (ST.SPIL r2, [sp, #-200])    
000072           af 7f 90 40 ec 00 07 f7                            b7457 (ST.SPIL r11, [sp, #-56])     b7473 (MOV.u20 r11, #0)            
000080           74 12 60 e0 ff 3c 47 f7                            b7528 (MOV.s12 m6, #-764)           b671  (ST.SPIL m0, [sp, #-196])    
000088           76 82 70 fb fe 58 47 f7                            b7525 (MOV.s12 m7, #-608)           b659  (ST.SPIL r11, [sp, #-424])   
000096           ad df a8 40 00 00 07 f7                            b7460 (ST.SPIL p6, [sp, #-44])      b7472 (MOV.u20 ch0, #0)            
000104           77 52 00 f0 ff 2c 47 f7                            b7524 (MOV.s12 m0, #-556)           b672  (ST.SPIL r0, [sp, #-212])    
000112           80 00 00 fb fe 4c 47 f7                            b689  (ST.SPIL r11, [sp, #-436])   
000120           80 00 00 f6 fd f0 47 f7                            b661  (ST.SPIL r6, [sp, #-528])    
000128           40 2f 18 03                                        b7467 (MOV r14, sp)                
000132           00 00 1a c4 b5 eb f3 04 0e 40 00 3f                b7514 (MOV.s9 r10, #37)             b7458 (ST.SPIL r10, [sp, #-52])     b7477 (MOV.u20 r9, #0)             
000144           80 00 00 d0 fe 8c 47 f7                            b658  (ST.SPIL ch0, [sp, #-372])   
000152           00 00 10 c0 30 00 00 0f 0f f2 04 3f                b7481 (MOV.s9 r0, #1)               b673  (ST.SPIL r0, [sp, #-224])    
000164           80 00 00 fc fe 68 47 f7                            b690  (ST.SPIL r12, [sp, #-408])   
000172           80 00 00 f6 fd e4 47 f7                            b699  (ST.SPIL r6, [sp, #-540])    
000180           ad ff a0 40 08 00 07 f7                            b7459 (ST.SPIL p7, [sp, #-48])      b7471 (MOV.u20 ch2, #0)            
000188           52 3f 78 12 7c 3f 5a f7                            b7497 (MOV.s12 r14, #36)            b7462 (ST.SPIL lr, [sp, #-36])      b7466 (MOV p5, r14)                
000196           80 00 00 f9 fd 88 47 f7                            b663  (ST.SPIL r9, [sp, #-632])    
000204           80 00 00 d0 fe 80 47 f7                            b684  (ST.SPIL ch0, [sp, #-384])   
000212           80 00 00 f0 fe 6c 47 f7                            b691  (ST.SPIL r0, [sp, #-404])    
000220           00 00 14 c5 55 d3 f6 04 00 40 00 3f                b7556 (MOV.s9 r4, #42)              b7461 (ST.SPIL r4, [sp, #-40])      b7476 (MOV.u20 ch1, #0)            
000232           ae fe 80 40 0c 00 07 f7                            b7447 (ST.SPIL r7, [sp, #-192])     b7490 (MOV.u20 ch3, #0)            
000240           80 00 00 f1 fe 00 47 f7                            b700  (ST.SPIL r1, [sp, #-512])    
000248           80 00 00 d2 fe c0 47 f7                            b657  (ST.SPIL ch2, [sp, #-320])   
000256           08 8f 46 db 15 e3 d3 77                            b736  (PADDA [p5], m7)              b7448 (ST.SPIL r8, [sp, #-180])     b7536 (MOV p4, p5)                 
000264           5f fd 50 00 00 36 d0 f7                            b7449 (ST.SPIL r15, [sp, #-172])    b7532 (MOV p0, p5)                 
000272           08 86 00 00 0f 38 46 0f 3f e0 44 3f                b733  (PADDA [p0], m3)              b7521 (MOV.s12 m3, #-400)           b701  (ST.SPIL r3, [sp, #-508])    
000284           08 87 00 00 0f 52 46 0f 9f d7 c4 3f                b732  (PADDA [p4], m3)              b7520 (MOV.s12 m3, #-348)           b709  (ST.SPIL r9, [sp, #-644])    
000296           5c 7d 80 00 00 36 54 f7                            b7451 (ST.SPIL r1, [sp, #-160])     b7537 (MOV p2, p4)                 
000304           08 86 80 00 0f 6c 46 0f ff e9 c4 3f                b731  (PADDA [p2], m3)              b7519 (MOV.s12 m3, #-296)           b685  (ST.SPIL r15, [sp, #-356])   
000316           5f bd b0 00 00 35 5c f7                            b7454 (ST.SPIL r14, [sp, #-148])    b7538 (MOV p6, p2)                 
000324           08 87 80 00 0e 9c 46 0d 1f db c4 3f                b730  (PADDA [p6], m3)              b7527 (MOV.s12 m3, #-712)           b662  (ST.SPIL ch1, [sp, #-580])   
000336           5c bd 10 00 00 37 5e f7                            b7455 (ST.SPIL r2, [sp, #-188])     b7539 (MOV p7, p6)                 
000344           08 87 c0 00 0e 68 46 0d 3f e5 c4 3f                b738  (PADDA [p7], m3)              b7529 (MOV.s12 m3, #-816)           b692  (ST.SPIL ch3, [sp, #-420])   
000356           5f 3d c0 00 00 37 d6 f7                            b7456 (ST.SPIL r12, [sp, #-144])    b7540 (MOV p3, p7)                 
000364           ad 1f 68 40 20 00 07 f7                            b7442 (ST.SPIL p0, [sp, #-76])      b7480 (MOV.u20 cl0, #0)            
000372           80 00 00 d2 fe b4 47 f7                            b679  (ST.SPIL ch2, [sp, #-332])   
000380           08 8a c0 00 10 00 00 0d 3f e5 04 3f                b737  (PADDA [p3], m5)              b693  (ST.SPIL ch3, [sp, #-432])   
000392           5f 34 00 00 00 35 d0 f7                            b745  (ST r12, [p0])                b7541 (MOV p0, p3)                 
000400           08 8c 1d c4 50 00 00 0f df ea 04 3f                b739  (PADDA [p0], m6)              b7495 (MOV.s9 r13, #34)             b686  (ST.SPIL r13, [sp, #-352])   
000412           5f 7d 90 00 00 34 52 f7                            b7452 (ST.SPIL r13, [sp, #-156])    b7542 (MOV p1, p0)                 
000420           80 00 00 fe fd 98 47 f7                            b710  (ST.SPIL r14, [sp, #-616])   
000428           80 00 00 d1 fd b0 47 f7                            b704  (ST.SPIL ch1, [sp, #-592])   
000436           80 00 00 d8 fc ec 47 f7                            b666  (ST.SPIL cl0, [sp, #-788])   
000444           ad bf 50 40 cc 00 07 f7                            b7439 (ST.SPIL p5, [sp, #-88])      b7479 (MOV.u20 r3, #0)             
000452           80 00 00 f8 fe d0 47 f7                            b680  (ST.SPIL r8, [sp, #-304])    
000460           00 00 1a c4 70 00 00 0f af d9 c4 3f                b7513 (MOV.s9 r10, #35)             b711  (ST.SPIL r10, [sp, #-612])   
000472           7c 32 20 e2 fe d4 47 f7                            b7518 (MOV.s12 m2, #-244)           b681  (ST.SPIL m2, [sp, #-300])    
000480           80 00 00 fd fd cc 47 f7                            b705  (ST.SPIL r13, [sp, #-564])   
000488           80 00 00 d8 fc e0 47 f7                            b724  (ST.SPIL cl0, [sp, #-800])   
000496           80 00 00 f3 fd 20 47 f7                            b665  (ST.SPIL r3, [sp, #-736])    
000504           ad 1f 38 40 24 00 07 f7                            b7436 (ST.SPIL p0, [sp, #-100])     b7470 (MOV.u20 cl1, #0)            
000512           ad df 80 40 0c 00 07 f7                            b7445 (ST.SPIL p6, [sp, #-64])      b7487 (MOV.u20 ch3, #0)            
000520           00 00 1a c5 10 00 00 0f af dd 04 3f                b7501 (MOV.s9 r10, #40)             b706  (ST.SPIL r10, [sp, #-560])   
000532           80 00 00 f4 fc fc 47 f7                            b725  (ST.SPIL r4, [sp, #-772])    
000540           ad 5f 78 40 10 00 07 f7                            b7444 (ST.SPIL p2, [sp, #-68])      b7498 (MOV.u20 ch4, #0)            
000548           80 00 00 f3 fd 14 47 f7                            b719  (ST.SPIL r3, [sp, #-748])    
000556           80 00 00 d9 fe f4 47 f7                            b656  (ST.SPIL cl1, [sp, #-268])   
000564           80 00 00 d3 fe c4 47 f7                            b682  (ST.SPIL ch3, [sp, #-316])   
000572           00 00 15 c5 30 00 00 0f 5f d0 04 3f                b7516 (MOV.s9 r5, #41)              b726  (ST.SPIL r5, [sp, #-768])    
000584           80 00 00 d3 fe b8 47 f7                            b683  (ST.SPIL ch3, [sp, #-328])   
000592           80 00 00 d4 fd 8c 47 f7                            b712  (ST.SPIL ch4, [sp, #-628])   
000600           80 00 00 fa fd 30 47 f7                            b720  (ST.SPIL r10, [sp, #-720])   
000608           80 00 00 d9 fe e8 47 f7                            b674  (ST.SPIL cl1, [sp, #-280])   
000616           80 00 00 d4 fd 80 47 f7                            b713  (ST.SPIL ch4, [sp, #-640])   
000624           00 00 15 c4 d0 00 00 0f 5f d3 44 3f                b7499 (MOV.s9 r5, #38)              b721  (ST.SPIL r5, [sp, #-716])    
000636           80 00 00 f7 ff 04 47 f7                            b675  (ST.SPIL r7, [sp, #-252])    
000644           af 9a 18 40 0c 00 07 f7                            b749  (ST r12, [p3])                b7502 (MOV.u20 ch3, #0)            
000652           78 22 10 e1 ff 08 47 f7                            b7523 (MOV.s12 m1, #-504)           b676  (ST.SPIL m1, [sp, #-248])    
000660           af 9a 10 40 10 00 07 f7                            b743  (ST r12, [p2])                b7485 (MOV.u20 ch4, #0)            
000668           80 00 00 d3 fd 24 47 f7                            b722  (ST.SPIL ch3, [sp, #-732])   
000676           80 00 00 d3 fd 18 47 f7                            b723  (ST.SPIL ch3, [sp, #-744])   
000684           80 00 00 d4 fe f8 47 f7                            b677  (ST.SPIL ch4, [sp, #-264])   
000692           80 00 00 d4 fe ec 47 f7                            b678  (ST.SPIL ch4, [sp, #-276])   
000700           af 9a 00 40 10 80 07 f7                            b751  (ST r12, [p0])                b7468 (MOV.u20 ch4, #2048)         
000708           80 00 00 f9 fd 84 47 f7                            b790  (ST.SPIL r9, [sp, #-636])    
000716           80 00 00 f9 fd 78 47 f7                            b791  (ST.SPIL r9, [sp, #-648])    
000724           80 00 00 f3 fd 1c 47 f7                            b798  (ST.SPIL r3, [sp, #-740])    
000732           af 9a 30 40 14 00 07 f7                            b742  (ST r12, [p6])                b7496 (MOV.u20 ch5, #0)            
000740           80 00 00 d4 fd 90 47 f7                            b792  (ST.SPIL ch4, [sp, #-624])   
000748           80 00 00 f3 fd 10 47 f7                            b799  (ST.SPIL r3, [sp, #-752])    
000756           ad ff 40 40 0c 00 07 f7                            b7437 (ST.SPIL p7, [sp, #-96])      b7474 (MOV.u20 ch3, #0)            
000764           ad 7f 48 40 2c 00 07 f7                            b7438 (ST.SPIL p3, [sp, #-92])      b7478 (MOV.u20 cl3, #0)            
000772           80 00 00 d5 fd c0 47 f7                            b707  (ST.SPIL ch5, [sp, #-576])   
000780           80 00 00 d4 fd 94 47 f7                            b793  (ST.SPIL ch4, [sp, #-620])   
000788           80 00 00 d4 fd 28 47 f7                            b800  (ST.SPIL ch4, [sp, #-728])   
000796           80 00 00 d3 fe 24 47 f7                            b660  (ST.SPIL ch3, [sp, #-476])   
000804           ad 9f 70 40 34 00 07 f7                            b7443 (ST.SPIL p4, [sp, #-72])      b7489 (MOV.u20 cl5, #0)            
000812           80 00 00 db fd 54 47 f7                            b664  (ST.SPIL cl3, [sp, #-684])   
000820           80 00 00 d5 fd b4 47 f7                            b708  (ST.SPIL ch5, [sp, #-588])   
000828           00 00 19 c6 d0 00 00 0f 9f d7 44 3f                b7491 (MOV.s9 r9, #54)              b814  (ST.SPIL r9, [sp, #-652])    
000840           80 00 00 d4 fd 2c 47 f7                            b801  (ST.SPIL ch4, [sp, #-724])   
000848           80 00 00 d3 fe 18 47 f7                            b694  (ST.SPIL ch3, [sp, #-488])   
000856           80 00 00 dd fe 90 47 f7                            b687  (ST.SPIL cl5, [sp, #-368])   
000864           80 00 00 db fd 48 47 f7                            b714  (ST.SPIL cl3, [sp, #-696])   
000872           08 80 46 9b 55 f3 45 77                            b735  (PADDA [p1], m0)              b748  (ST r12, [p5])                b7543 (MOV p5, p1)                 
000880           08 83 46 9a 15 e7 d7 77                            b734  (PADDA [p5], m1)              b7450 (ST.SPIL r9, [sp, #-164])     b7534 (MOV p0, p1)                 
000888           08 84 06 db 95 d7 da 77                            b729  (PADDA [p0], m2)              b7453 (ST.SPIL r5, [sp, #-152])     b7533 (MOV p6, p5)                 
000896           08 87 80 00 10 00 00 0d df e8 44 3f                b740  (PADDA [p6], m3)              b688  (ST.SPIL cl5, [sp, #-380])   
000908           00 00 13 c6 f0 00 00 0f 3f d0 c4 3f                b7511 (MOV.s9 r3, #55)              b816  (ST.SPIL r3, [sp, #-756])    
000920           80 00 00 f9 fe 34 47 f7                            b695  (ST.SPIL r9, [sp, #-460])    
000928           80 00 00 f5 fd 64 47 f7                            b715  (ST.SPIL r5, [sp, #-668])    
000936           50 03 30 f3 fe 38 47 f7                            b7465 (MOV.s12 r3, #1024)           b696  (ST.SPIL r3, [sp, #-456])    
000944           af 9a 00 40 38 00 07 f7                            b741  (ST r12, [p0])                b7494 (MOV.u20 cl6, #0)            
000952           80 00 00 e4 fd 68 47 f7                            b716  (ST.SPIL m4, [sp, #-664])    
000960           af 9a 20 40 34 00 07 f7                            b744  (ST r12, [p4])                b7492 (MOV.u20 cl5, #0)            
000968           ad df 30 40 30 00 07 f7                            b7435 (ST.SPIL p6, [sp, #-104])     b7500 (MOV.u20 cl4, #0)            
000976           ad 3f 58 40 14 00 07 f7                            b7440 (ST.SPIL p1, [sp, #-84])      b7504 (MOV.u20 ch5, #0)            
000984           80 00 00 de fd f4 47 f7                            b702  (ST.SPIL cl6, [sp, #-524])   
000992           80 00 00 dd fe 28 47 f7                            b697  (ST.SPIL cl5, [sp, #-472])   
001000           80 00 00 dc fd 58 47 f7                            b717  (ST.SPIL cl4, [sp, #-680])   
001008           80 00 00 d5 fc f0 47 f7                            b727  (ST.SPIL ch5, [sp, #-784])   
001016           80 00 00 de fd e8 47 f7                            b703  (ST.SPIL cl6, [sp, #-536])   
001024           80 00 00 dd fe 1c 47 f7                            b698  (ST.SPIL cl5, [sp, #-484])   
001032           80 00 00 dc fd 4c 47 f7                            b718  (ST.SPIL cl4, [sp, #-692])   
001040           80 00 00 d5 fc e4 47 f7                            b728  (ST.SPIL ch5, [sp, #-796])   
001048           af 9a 08 40 a8 00 07 f7                            b747  (ST r12, [p1])                b7506 (MOV.u20 p2, #0)             
001056           80 00 00 fb fe 54 47 f7                            b773  (ST.SPIL r11, [sp, #-428])   
001064           af 9a 28 03                                        b746  (ST r12, [p5])               
001068           af 9a 38 03                                        b750  (ST r12, [p7])               
001072           af 9a 30 03                                        b752  (ST r12, [p6])               
001076           80 00 00 da ff 24 47 f7                            b753  (ST.SPIL cl2, [sp, #-220])   
001084           80 00 00 d9 fe f0 47 f7                            b758  (ST.SPIL cl1, [sp, #-272])   
001092           80 00 00 d2 fe bc 47 f7                            b763  (ST.SPIL ch2, [sp, #-324])   
001100           80 00 00 d0 fe 88 47 f7                            b768  (ST.SPIL ch0, [sp, #-376])   
001108           80 00 00 fb fe 48 47 f7                            b774  (ST.SPIL r11, [sp, #-440])   
001116           80 00 00 f6 fd ec 47 f7                            b782  (ST.SPIL r6, [sp, #-532])    
001124           80 00 00 da ff 18 47 f7                            b754  (ST.SPIL cl2, [sp, #-232])   
001132           80 00 00 d9 fe e4 47 f7                            b759  (ST.SPIL cl1, [sp, #-284])   
001140           80 00 00 d2 fe b0 47 f7                            b764  (ST.SPIL ch2, [sp, #-336])   
001148           80 00 00 d0 fe 7c 47 f7                            b769  (ST.SPIL ch0, [sp, #-388])   
001156           80 00 00 d3 fe 20 47 f7                            b778  (ST.SPIL ch3, [sp, #-480])   
001164           80 00 00 d1 fd b8 47 f7                            b786  (ST.SPIL ch1, [sp, #-584])   
001172           80 00 00 db fd 50 47 f7                            b794  (ST.SPIL cl3, [sp, #-688])   
001180           80 00 00 d8 fc e8 47 f7                            b802  (ST.SPIL cl0, [sp, #-792])   
001188           80 00 00 fb fe 44 47 f7                            b775  (ST.SPIL r11, [sp, #-444])   
001196           80 00 00 f6 fd e0 47 f7                            b783  (ST.SPIL r6, [sp, #-544])    
001204           80 00 00 da ff 14 47 f7                            b755  (ST.SPIL cl2, [sp, #-236])   
001212           80 00 00 d9 fe e0 47 f7                            b760  (ST.SPIL cl1, [sp, #-288])   
001220           80 00 00 d2 fe ac 47 f7                            b765  (ST.SPIL ch2, [sp, #-340])   
001228           80 00 00 d0 fe 78 47 f7                            b770  (ST.SPIL ch0, [sp, #-392])   
001236           80 00 00 d3 fe 14 47 f7                            b779  (ST.SPIL ch3, [sp, #-492])   
001244           80 00 00 d1 fd ac 47 f7                            b787  (ST.SPIL ch1, [sp, #-596])   
001252           80 00 00 db fd 44 47 f7                            b795  (ST.SPIL cl3, [sp, #-700])   
001260           80 00 00 d8 fc dc 47 f7                            b803  (ST.SPIL cl0, [sp, #-804])   
001268           80 00 00 f3 fe 60 47 f7                            b776  (ST.SPIL r3, [sp, #-416])    
001276           80 00 00 f3 fd f8 47 f7                            b784  (ST.SPIL r3, [sp, #-520])    
001284           80 00 00 f3 ff 30 47 f7                            b756  (ST.SPIL r3, [sp, #-208])    
001292           80 00 00 f3 fe fc 47 f7                            b761  (ST.SPIL r3, [sp, #-260])    
001300           80 00 00 f3 fe c8 47 f7                            b766  (ST.SPIL r3, [sp, #-312])    
001308           80 00 00 f3 fe 94 47 f7                            b771  (ST.SPIL r3, [sp, #-364])    
001316           80 00 00 f3 fe 2c 47 f7                            b780  (ST.SPIL r3, [sp, #-468])    
001324           80 00 00 d4 fd c4 47 f7                            b788  (ST.SPIL ch4, [sp, #-572])   
001332           80 00 00 d4 fd 5c 47 f7                            b796  (ST.SPIL ch4, [sp, #-676])   
001340           80 00 00 d4 fc f4 47 f7                            b804  (ST.SPIL ch4, [sp, #-780])   
001348           80 00 00 f3 fe 64 47 f7                            b777  (ST.SPIL r3, [sp, #-412])    
001356           80 00 00 f3 fd fc 47 f7                            b785  (ST.SPIL r3, [sp, #-516])    
001364           80 00 00 f3 ff 34 47 f7                            b757  (ST.SPIL r3, [sp, #-204])    
001372           80 00 00 f3 ff 00 47 f7                            b762  (ST.SPIL r3, [sp, #-256])    
001380           80 00 00 f3 fe cc 47 f7                            b767  (ST.SPIL r3, [sp, #-308])    
001388           80 00 00 f3 fe 98 47 f7                            b772  (ST.SPIL r3, [sp, #-360])    
001396           80 00 00 f3 fe 30 47 f7                            b781  (ST.SPIL r3, [sp, #-464])    
001404           80 00 00 d4 fd c8 47 f7                            b789  (ST.SPIL ch4, [sp, #-568])   
001412           80 00 00 d4 fd 60 47 f7                            b797  (ST.SPIL ch4, [sp, #-672])   
001420           80 00 00 d4 fc f8 47 f7                            b805  (ST.SPIL ch4, [sp, #-776])   
001428           af 94 50 03                                        b667  (ST r12, [p2], #4)           
001432           00 00 1b c0 30 00 00 0f bf e4 44 3f                b7562 (MOV.s9 r11, #1)              b810  (ST.SPIL r11, [sp, #-444])   
001444           3e 00 00 00 10 00 00 0f 6f dd c4 3f                b7559 (MOV.s10 r6, #0)              b812  (ST.SPIL r6, [sp, #-548])    
001456           80 00 00 da ff 14 47 f7                            b806  (ST.SPIL cl2, [sp, #-236])   
001464           80 00 00 d9 fe e0 47 f7                            b807  (ST.SPIL cl1, [sp, #-288])   
001472           80 00 00 d2 fe ac 47 f7                            b808  (ST.SPIL ch2, [sp, #-340])   
001480           80 00 00 d0 fe 78 47 f7                            b809  (ST.SPIL ch0, [sp, #-392])   
001488           80 00 00 d3 fe 10 47 f7                            b811  (ST.SPIL ch3, [sp, #-496])   
001496           80 00 00 d1 fd a8 47 f7                            b813  (ST.SPIL ch1, [sp, #-600])   
001504           80 00 00 db fd 40 47 f7                            b815  (ST.SPIL cl3, [sp, #-704])   
001512           80 00 00 d8 fc d8 47 f7                            b817  (ST.SPIL cl0, [sp, #-808])   
001520           80 00 00 ed ff b0 47 f7                            b7441 (ST.SPIL p5, [sp, #-80])     
001528           80 00 00 e8 ff c4 47 f7                            b7446 (ST.SPIL p0, [sp, #-60])     
001536  m3224  1 00 00 33 df 50 00 00 0c 74 7f 36 3f                b588  (LDB r3, [p2], #-4)           b7294 (LDA.SPIL ch1, [sp, #-104])  
001548         1 80 00 00 c7 bf f3 e7 f7                            b7295 (LDA.SPIL p7, [sp, #-100])   
001556         1 80 00 00 c7 63 f4 67 f7                            b7296 (LDA.SPIL cl0, [sp, #-96])   
001564         1 80 00 00 c7 bb f4 e7 f7                            b7297 (LDA.SPIL p6, [sp, #-92])    
001572         1 58 fa b8 03                                        b7298 (LDB lr, [sp, #-88])         
001576         1 00 01                                              NOP
001578         1 00 01                                              NOP
001580         1 00 00 00 03                                        NOP
001584         1 80 00 00 80 60 ab 07 f7                            b589  (BEQZ r3,#0)                 
001592         1 80 00 00 c7 b3 f6 e7 f7                            b7309 (LDA.SPIL p4, [sp, #-76])    
001600         1 80 00 00 c7 af f7 67 f7                            b7310 (LDA.SPIL p3, [sp, #-72])    
001608         1 80 00 00 c7 43 f8 67 f7                            b7312 (LDA.SPIL ch0, [sp, #-64])   
001616         1 80 00 00 ea ff 90 47 f7                            b7249 (ST.SPIL p2, [sp, #-112])    
001624         1 80 00 00 f3 ff 94 47 f7                            b7250 (ST.SPIL r3, [sp, #-108])    
001632  m3399  1 80 00 00 c7 ab f7 e7 f7                            b7311 (LDA.SPIL p2, [sp, #-68])    
001640         1 80 00 00 e9 ff 88 47 f7                            b7172 (ST.SPIL p1, [sp, #-120])    
001648         1 80 00 00 d1 ff 74 47 f7                            b7167 (ST.SPIL ch1, [sp, #-140])   
001656         1 80 00 00 ec ff 50 47 f7                            b7173 (ST.SPIL p4, [sp, #-176])    
001664         1 80 00 00 eb ff 48 47 f7                            b7174 (ST.SPIL p3, [sp, #-184])    
001672         1 80 00 00 d0 ff 8c 47 f7                            b7176 (ST.SPIL ch0, [sp, #-116])   
001680         1 80 00 00 ef ff 78 47 f7                            b7168 (ST.SPIL p7, [sp, #-136])    
001688         1 80 00 00 d8 ff 7c 47 f7                            b7169 (ST.SPIL cl0, [sp, #-132])   
001696         1 80 00 00 ea ff 58 47 f7                            b7175 (ST.SPIL p2, [sp, #-168])    
001704         1 80 00 00 ee ff 80 47 f7                            b7170 (ST.SPIL p6, [sp, #-128])    
001712         1 00 00 00 00 10 00 00 0c 8f f8 44 80 00 00 00 00    b7171 (ST.SPIL lr, [sp, #-124])    
001728  m91    2 14 02 30 03                                        b587  (ACQ r2, #1, r0)             
001732  m97    2 00 01                                              NOP
001734         2 00 01                                              NOP
001736         2 00 01                                              NOP
001738         2 14 07 30 03                                        b586  (ACQ r7, #1, r0)             
001742  m103   2 00 01                                              NOP
001744         2 00 01                                              NOP
001746         2 00 01                                              NOP
001748         2 14 08 30 03                                        b585  (ACQ r8, #1, r0)             
001752  m109   2 00 01                                              NOP
001754         2 00 01                                              NOP
001756         2 00 01                                              NOP
001758         2 14 0f 30 03                                        b584  (ACQ r15, #1, r0)            
001762  m115   2 00 01                                              NOP
001764         2 00 01                                              NOP
001766         2 00 01                                              NOP
001768         2 14 06 30 03                                        b583  (ACQ r6, #1, r0)             
001772  m121   2 00 01                                              NOP
001774         2 00 01                                              NOP
001776         2 00 01                                              NOP
001778         2 14 09 30 03                                        b582  (ACQ r9, #1, r0)             
001782  m127   2 00 01                                              NOP
001784         2 00 01                                              NOP
001786         2 00 01                                              NOP
001788         2 14 01 30 03                                        b581  (ACQ r1, #1, r0)             
001792  m133   2 00 01                                              NOP
001794         2 00 01                                              NOP
001796         2 00 01                                              NOP
001798         2 14 cd 30 03                                        b580  (ACQ r13, #1, r12)           
001802  m139   2 00 01                                              NOP
001804         2 00 01                                              NOP
001806         2 00 01                                              NOP
001808         2 14 ce 30 03                                        b579  (ACQ r14, #1, r12)           
001812  m145   2 00 01                                              NOP
001814         2 00 01                                              NOP
001816         2 00 01                                              NOP
001818         2 14 c5 30 03                                        b578  (ACQ r5, #1, r12)            
001822  m151   2 00 01                                              NOP
001824         2 00 01                                              NOP
001826         2 00 01                                              NOP
001828         2 14 ca 30 03                                        b577  (ACQ r10, #1, r12)           
001832  m155   2 00 01                                              NOP
001834         2 00 01                                              NOP
001836         2 00 01                                              NOP
001838         2 14 c4 30 03                                        b576  (ACQ r4, #1, r12)            
001842  m636   2 00 01                                              .swstall "mem_acquire0"
001844         2 00 01                                              .swstall "mem_acquire0"
001846         2 00 01                                              .swstall "mem_acquire0"
001848         2 80 00 00 c8 ff f8 47 f7                            b5044 (ST.SPIL lr, [sp, #-8])      
001856         2 80 00 00 ef ff ec 47 f7                            b3869 (ST.SPIL p7, [sp, #-20])     
001864         2 ad df e8 a0 20 00 07 f7                            b575  (JAL #0)                      b3871 (ST.SPIL p6, [sp, #-12])     
001872         2 5a 7f f0 00 00 24 5e f7                            b3873 (ST.SPIL p1, [sp, #-4])       b5035 (MOV p7, cl0)                
001880         2 0d b7 18 03                                        b7546 (MOV p6, p5)                 
001884         2 5b ff c0 00 00 20 de f7                            b3870 (ST.SPIL p7, [sp, #-16])      b5017 (MOV p7, ch1)                
001892         2 5b ff a0 00 00 20 52 f7                            b3868 (ST.SPIL p7, [sp, #-24])      b5054 (MOV p1, ch0)                
001900         2 0d 17 98 03                                        b7545 (MOV p7, p0)                 
001904  m165   2 00 00 30 1f 48 00 78 77                            b5148 (MOV.s12 r12, #0)             b5131 (MOV.s8 r13, #1)             
001912         2 00 01                                              NOP
001914         2 00 01                                              NOP
001916         2 80 00 00 c7 e7 e8 e7 f7                            b6573 (LDA.SPIL r9, [sp, #-188])   
001924         2 80 00 00 c7 cb e8 67 f7                            b3997 (LDA.SPIL r2, [sp, #-192])   
001932         2 80 00 00 c7 df e9 e7 f7                            b4037 (LDA.SPIL r7, [sp, #-180])   
001940         2 80 00 00 c7 d7 ea e7 f7                            b4079 (LDA.SPIL r5, [sp, #-172])   
001948         2 80 00 00 c7 ff ee 67 f7                            b4123 (LDA.SPIL r15, [sp, #-144])  
001956         2 80 00 00 c7 fb eb e7 f7                            b4169 (LDA.SPIL r14, [sp, #-164])  
001964         2 80 00 00 c7 e3 ec 67 f7                            b4217 (LDA.SPIL r8, [sp, #-160])   
001972         2 80 00 00 c7 db ec e7 f7                            b4262 (LDA.SPIL r6, [sp, #-156])   
001980         2 16 c9 30 03                                        b574  (REL r9, #1, r12)            
001984         2 80 00 00 c7 e7 ed e7 f7                            b4307 (LDA.SPIL r9, [sp, #-148])   
001992         2 80 00 00 c7 c7 ed 67 f7                            b4352 (LDA.SPIL r1, [sp, #-152])   
002000  m171   2 00 01                                              NOP
002002         2 16 c2 30 03                                        b573  (REL r2, #1, r12)            
002006  m177   2 00 01                                              NOP
002008         2 00 01                                              NOP
002010         2 00 01                                              NOP
002012         2 16 c7 30 03                                        b572  (REL r7, #1, r12)            
002016  m183   2 00 01                                              NOP
002018         2 00 01                                              NOP
002020         2 00 01                                              NOP
002022         2 16 c5 30 03                                        b571  (REL r5, #1, r12)            
002026  m189   2 00 01                                              NOP
002028         2 00 01                                              NOP
002030         2 00 01                                              NOP
002032         2 16 cf 30 03                                        b570  (REL r15, #1, r12)           
002036  m195   2 00 01                                              NOP
002038         2 00 01                                              NOP
002040         2 00 01                                              NOP
002042         2 16 ce 30 03                                        b569  (REL r14, #1, r12)           
002046  m201   2 00 01                                              NOP
002048         2 00 01                                              NOP
002050         2 00 01                                              NOP
002052         2 16 c8 30 03                                        b568  (REL r8, #1, r12)            
002056  m207   2 00 01                                              NOP
002058         2 00 01                                              NOP
002060         2 00 01                                              NOP
002062         2 16 d6 30 03                                        b567  (REL r6, #1, r13)            
002066  m213   2 00 01                                              NOP
002068         2 00 01                                              NOP
002070         2 00 01                                              NOP
002072         2 16 d9 30 03                                        b566  (REL r9, #1, r13)            
002076  m219   2 00 01                                              NOP
002078         2 00 01                                              NOP
002080         2 00 01                                              NOP
002082         2 16 d1 30 03                                        b565  (REL r1, #1, r13)            
002086  m225   2 00 01                                              NOP
002088         2 00 01                                              NOP
002090         2 00 01                                              NOP
002092         2 16 da 30 03                                        b564  (REL r10, #1, r13)           
002096  m229   2 ef 05                                              b6533 (MOV r0, r11)                
002098         2 00 01                                              NOP
002100         2 00 01                                              NOP
002102         2 16 d4 30 03                                        b563  (REL r4, #1, r13)            
002106  m3374  2 69 f8 dd c4 e8 05 6f 02 4f f2 5f 9f                b6023 (MOV.s9 r13, #39)             b513  (PADDS [p7], #24)             b5903 (MOV.s12 r15, #36)            b4932 (LDA.SPIL p1, [sp, #-116])    b5927 (MOV.s8 r14, #37)            
002118         2 6a f5 9a c5 68 05 6c 7f fb b2 6f df                b6215 (MOV.s9 r10, #43)             b518  (PADDS [p6], #24)             b505  (ITE_NEZ r14, r14, r15, r0)   b4887 (LDA.SPIL p2, [sp, #-168])    b5999 (MOV.s8 r15, #38)            
002130         2 6d f7 dd c5 43 ff aa 04 0f c0 00 3f                b6191 (MOV.s9 r13, #42)             b507  (ITE_NEZ r5, r13, r15, r0)    b4566 (LDA.SPIL p5, [sp, #-132])    b5255 (MOV.u20 r15, #0)            
002142         2 6c f5 11 c6 a3 fb 48 04 0f 40 00 3f                b5495 (MOV.s9 r1, #53)              b511  (ITE_NEZ r4, r10, r13, r0)    b4797 (LDA.SPIL p4, [sp, #-176])    b5231 (MOV.u20 r13, #0)            
002154         2 6b f4 97 c6 83 df ba 04 0f c0 00 3f                b5471 (MOV.s9 r7, #52)              b491  (ITE_EQZ r13, r13, r15, r0)   b4842 (LDA.SPIL p3, [sp, #-184])    b5351 (MOV.u20 r15, #0)            
002166         2 6f f7 40 00 10 00 00 04 0e 80 00 3f                b4430 (LDA.SPIL p7, [sp, #-140])    b5327 (MOV.u20 r10, #0)            
002178         2 5d 7d a3 df 54 37 d0 f7                            b493  (ITE_EQZ r10, r10, r15, r0)   b6310 (ST.SPIL r5, [sp, #-152])     b7535 (MOV p0, p7)                 
002186         2 af b7 40 40 fc 00 07 f7                            b525  (ST r13, [p0], #-12)          b5423 (MOV.u20 r15, #0)            
002194         2 08 ac 40 00 15 f6 f8 04 0e 00 00 3f                b514  (PADDA [p1], #24)             b526  (ST r13, [p0], #-4)           b6047 (MOV.u20 r8, #0)             
002206         2 08 ac 80 00 15 f6 f0 04 0f 40 00 3f                b515  (PADDA [p2], #24)             b527  (ST r13, [p0], #-8)           b5447 (MOV.u20 r13, #0)            
002218         2 08 ad 4f fe fa f5 74 b7                            b522  (PADDA [p5], #24)             b528  (ST r10, [p1], #-12)          b495  (ITE_NEZ r15, r13, r15, r0)  
002226         2 08 ad 23 fc 55 ea f9 04 0f 40 00 3f                b517  (PADDA [p4], #24)             b4752 (LDB p1, [sp, #-120])         b529  (ST r10, [p1], #-4)           b5591 (MOV.u20 r13, #0)            
002238         2 08 ac c0 00 15 ea f1 04 0e 80 00 3f                b516  (PADDA [p3], #24)             b530  (ST r10, [p1], #-8)           b6071 (MOV.u20 r10, #0)            
002250         2 08 ad cf 54 52 ff 75 37                            b524  (PADDA [p7], #24)             b531  (ST r15, [p2], #-12)          b508  (ITE_EQZ r10, r8, r10, r0)   
002258         2 ad 3f 18 40 ec 00 07 f7                            b5567 (MOV.u20 r11, #0)             b6432 (ST.SPIL p1, [sp, #-116])    
002266         2 00 00 1b c5 2b fd f4 7e f7 46 90 1f                b6119 (MOV.s9 r11, #41)             b532  (ST r15, [p2], #-4)           b498  (ITE_NEZ r13, r13, r11, r0)   b6499 (MOV ch0, p1)                
002278         2 af f7 90 40 fc 00 07 f7                            b533  (ST r15, [p2], #-8)           b5543 (MOV.u20 r15, #0)            
002286         2 6e f8 40 00 15 ea ed 04 0e 00 00 3f                b552  (ST r10, [p5], #-12)          b4702 (LDA.SPIL p6, [sp, #-124])    b5519 (MOV.u20 r8, #0)             
002298         2 5e af d3 df 1f 94 70 f7                            b553  (ST r10, [p5], #-4)           b497  (ITE_EQZ r15, r8, r15, r0)    b6095 (MOV.s8 r8, #40)             
002306         2 08 ac 4f 5c 52 f5 7a b7                            b519  (PADDA [p1], #24)             b554  (ST r10, [p5], #-8)           b509  (ITE_EQZ r10, r8, r11, r0)   
002314         2 af b7 60 40 ec 00 07 f7                            b537  (ST r13, [p4], #-12)          b6167 (MOV.u20 r11, #0)            
002322         2 5f 6f c0 00 00 36 90 f7                            b538  (ST r13, [p4], #-4)           b6484 (MOV cl0, p5)                
002330         2 ad be f8 40 e0 00 07 f7                            b6143 (MOV.u20 r8, #0)              b6355 (ST.SPIL p5, [sp, #-132])    
002338         2 5f ee b3 d7 16 37 5a f7                            b534  (ST r15, [p3], #-12)          b510  (ITE_EQZ r11, r8, r11, r0)    b7544 (MOV p5, p6)                 
002346         2 af b7 a0 40 f4 00 07 f7                            b539  (ST r13, [p4], #-8)           b5783 (MOV.u20 r13, #0)            
002354         2 08 ad 80 00 15 fe fb 04 0e 00 00 3f                b520  (PADDA [p6], #24)             b535  (ST r15, [p3], #-4)           b5759 (MOV.u20 r8, #0)             
002366         2 00 00 0f 6c 7a ff 79 b7                            b536  (ST r15, [p3], #-8)           b502  (ITE_EQZ r15, r8, r13, r0)   
002374         2 af f7 48 40 f4 00 07 f7                            b543  (ST r15, [p1], #-12)          b5687 (MOV.u20 r13, #0)            
002382         2 00 00 38 fc b5 fe f9 04 0e 00 00 3f                b4978 (LDB r8, [sp, #-108])         b544  (ST r15, [p1], #-4)           b5663 (MOV.u20 r8, #0)             
002394         2 1e d8 d0 40 e0 00 07 f7                            b500  (ITE_EQZ r13, r8, r13, r0)    b6263 (MOV.u20 r8, #0)             
002402         2 6f f7 80 00 15 f6 ed 04 0e 40 00 3f                b540  (ST r13, [p5], #-12)          b4498 (LDA.SPIL p7, [sp, #-136])    b6239 (MOV.u20 r9, #0)             
002414         2 af b7 e8 40 d8 00 07 f7                            b541  (ST r13, [p5], #-4)           b5951 (MOV.u20 r6, #0)             
002422         2 00 00 0f cc 6a fb 7a b7                            b542  (ST r13, [p5], #-8)           b512  (ITE_NEZ r13, r8, r9, r0)    
002430         2 6e f8 00 00 15 f6 ef 04 0e 00 00 3f                b558  (ST r13, [p7], #-12)          b4634 (LDA.SPIL p6, [sp, #-128])    b5879 (MOV.u20 r8, #0)             
002442         2 af b7 f8 40 e4 00 07 f7                            b559  (ST r13, [p7], #-4)           b5855 (MOV.u20 r9, #0)             
002450         2 00 00 0f cc 6a fb 7b b7                            b560  (ST r13, [p7], #-8)           b504  (ITE_NEZ r13, r8, r9, r0)    
002458         2 af b7 70 40 e4 00 07 f7                            b546  (ST r13, [p6], #-12)          b5975 (MOV.u20 r9, #0)             
002466         2 5f 6f e3 d2 cc 37 82 f7                            b547  (ST r13, [p6], #-4)           b506  (ITE_EQZ r6, r6, r9, r0)      b6543 (MOV ch1, p7)                
002474         2 08 ad c0 00 0b ed ec ee 32 72 2f 5f                b523  (PADDA [p7], #24)             b548  (ST r13, [p6], #-8)           b489  (LT r9, r12, r8)              b5807 (MOV.s8 r13, #34)            
002486         2 00 00 19 c6 eb fd e2 c6 60 f2 3e 1f                b5639 (MOV.s9 r9, #55)              b545  (ST r15, [p1], #-8)           b561  (SUB r3, r8, r9)              b5831 (MOV.s8 r8, #35)             
002498         2 5b be 13 fb 1b 9b 70 f7                            b503  (ITE_NEZ r13, r8, r13, r0)    b5615 (MOV.s8 r8, #54)              b6371 (ST.SPIL p6, [sp, #-124])    
002506         2 08 ad ac 7c 2b dd de 7d c7 f1 2c 5f                b521  (PADDA [p6], #24)             b6507 (LDB lr, [sp, #-124])         b555  (ST r11, [p7], #-12)          b496  (ITE_NEZ r15, r1, r7, r0)     b5375 (MOV.s8 r1, #18)             
002518         2 5e ef f3 d3 13 89 f0 f7                            b556  (ST r11, [p7], #-4)           b499  (ITE_EQZ r9, r8, r9, r0)      b5399 (MOV.s8 r8, #19)             
002526         2 ae d7 70 03                                        b549  (ST r6, [p6], #-12)          
002530         2 ae d7 f0 03                                        b550  (ST r6, [p6], #-4)           
002534         2 00 00 0d 38 32 ed 7b 37                            b551  (ST r6, [p6], #-8)            b488  (NEZ r6, r0)                 
002542         2 af 77 b8 03                                        b557  (ST r11, [p7], #-8)          
002546         2 80 00 00 d1 ff 74 47 f7                            b6551 (ST.SPIL ch1, [sp, #-140])   
002554         2 80 00 00 f3 ff 94 47 f7                            b6461 (ST.SPIL r3, [sp, #-108])    
002562         2 80 00 00 ea ff 58 47 f7                            b6424 (ST.SPIL p2, [sp, #-168])    
002570         2 80 00 00 eb ff 48 47 f7                            b6409 (ST.SPIL p3, [sp, #-184])    
002578         2 80 00 00 ec ff 50 47 f7                            b6394 (ST.SPIL p4, [sp, #-176])    
002586         2 80 00 00 e9 ff 88 47 f7                            b6379 (ST.SPIL p1, [sp, #-120])    
002594         2 80 00 00 ee ff 80 47 f7                            b6363 (ST.SPIL p6, [sp, #-128])    
002602         2 80 00 00 ef ff 78 47 f7                            b6347 (ST.SPIL p7, [sp, #-136])    
002610         2 80 00 00 fe ff 6c 47 f7                            b6301 (ST.SPIL r14, [sp, #-148])   
002618         2 80 00 00 fd ff 64 47 f7                            b6294 (ST.SPIL r13, [sp, #-156])   
002626         2 80 00 00 f6 ff 70 47 f7                            b4118 (ST.SPIL r6, [sp, #-144])    
002634         2 af fe a8 90 60 6c 07 f7                            b562  (BNEZ r3,#0)                  b4075 (ST.SPIL r15, [sp, #-172])   
002642         2 00 00 12 c0 4b cf ae 7c 62 33 8c 5f                b5735 (MOV.s9 r2, #2)               b494  (ITE_NEZ r8, r8, r1, r0)      b4163 (ST.SPIL r9, [sp, #-164])     b5711 (MOV.s8 r1, #56)             
002654         2 00 00 17 c2 2b c7 a6 7c 48 71 0e df                b5207 (MOV.s9 r7, #17)              b501  (ITE_NEZ r1, r2, r1, r0)      b4034 (ST.SPIL r8, [sp, #-180])     b5183 (MOV.s8 r11, #16)            
002666         2 00 00 17 c4 0b 8f b0 79 ec b2 1e df                b5279 (MOV.s9 r7, #32)              b490  (ITE_EQZ r2, r11, r7, r0)     b4210 (ST.SPIL r1, [sp, #-160])     b5303 (MOV.s8 r11, #33)            
002678         2 5c bd 13 ef 6f 80 f6 f7                            b492  (ITE_NEZ r7, r11, r7, r0)     b5099 (MOV.s8 r11, #1)              b6572 (ST.SPIL r2, [sp, #-188])    
002686         2 5d fd 06 21 77 80 e0 f7                            b487  (SUB r11, r11, r0)            b3995 (ST.SPIL r7, [sp, #-192])     b7553 (MOV.s8 r0, #1)              
002694  m3398  1 80 00 00 a0 00 ac 07 f7                            b486  (J #0)                       
002702         1 80 00 00 c7 ab f2 67 f7                            b7293 (LDA.SPIL p2, [sp, #-112])   
002710         1 80 00 00 c7 a7 f5 e7 f7                            b7303 (LDA.SPIL p1, [sp, #-84])    
002718         1 80 00 00 c7 b7 f6 67 f7                            b7308 (LDA.SPIL p5, [sp, #-80])    
002726         1 80 00 00 c7 a3 f8 e7 f7                            b7317 (LDA.SPIL p0, [sp, #-60])    
002734         1 00 01                                              .swstall "delay_slot"
002736  m10    1 00 00 00 00 10 00 00 0c 7a bf 26 80 00 00 00 00    b7429 (LDA.SPIL p2, [sp, #-112])   
002752  m3401  1 00 01                                              .swstall "chess_separator_scheduler"
002754         1 00 01                                              .swstall "chess_separator_scheduler"
002756         1 00 01                                              .swstall "chess_separator_scheduler"
002758         1 00 01                                              .swstall "chess_separator_scheduler"
002760         1 00 01                                              .swstall "chess_separator_scheduler"
002762         1 00 01                                              .swstall "chess_separator_scheduler"
002764         1 00 01                                              .swstall "chess_separator_scheduler"
002766         1 00 01                                              .swstall "chess_separator_scheduler"
002768  m236   1 04 00 20 03                                        b485  (EVENT #2)                   
002772  m3403  1 00 01                                              .swstall "chess_separator_scheduler"
002774         1 00 01                                              .swstall "chess_separator_scheduler"
002776         1 00 01                                              .swstall "chess_separator_scheduler"
002778         1 00 01                                              .swstall "chess_separator_scheduler"
002780         1 00 01                                              .swstall "chess_separator_scheduler"
002782  m1254  1 73 a2 80 00 00 00 00 37                            b482  (LDA r3, [p2], #4)           
002790         1 00 01                                              NOP
002792         1 00 01                                              NOP
002794         1 00 01                                              NOP
002796         1 00 01                                              NOP
002798         1 00 01                                              NOP
002800         1 00 01                                              NOP
002802         1 00 01                                              NOP
002804         1 3a 3c 30 03                                        b483  (GE r3, r12, r3)             
002808         1 80 00 00 90 60 60 07 f7                            b484  (BNEZ r3,#0)                 
002816         1 00 01                                              .swstall "delay_slot"
002818         1 00 01                                              .swstall "delay_slot"
002820         1 00 01                                              .swstall "delay_slot"
002822         1 00 01                                              .swstall "delay_slot"
002824         1 00 01                                              .swstall "delay_slot"
002826  m240     7a fc f0 0c 0e 60 40 77                            b7530 (MOV.s12 m0, #-832)           b7430 (LDA.SPIL r10, [sp, #-52])    b7531 (MOV.s8 r0, #0)              
002834           80 00 00 c7 ef f9 67 f7                            b7431 (LDA.SPIL r11, [sp, #-56])   
002842           80 00 00 c7 d3 fb 67 f7                            b7432 (LDA.SPIL r4, [sp, #-40])    
002850           80 00 00 c7 bb fa e7 f7                            b7433 (LDA.SPIL p6, [sp, #-44])    
002858           80 00 00 c7 bf fa 67 f7                            b7434 (LDA.SPIL p7, [sp, #-48])    
002866           58 fd f8 03                                        b7463 (LDB lr, [sp, #-36])         
002870           08 90 00 00 00 00 00 37                            b480  (PADDA [sp], m0)             
002878           00 01                                              NOP
002880           00 01                                              NOP
002882           00 01                                              NOP
002884           00 01                                              NOP
002886           00 01                                              NOP
002888           00 01                                              NOP
002890           00 01                                              NOP
002892           01 01                                              b481  (RET lr)                     
002894           00 01                                              .swstall "delay_slot"
002896           00 01                                              .swstall "delay_slot"
002898           00 01                                              .swstall "delay_slot"
002900           00 01                                              .swstall "delay_slot"
002902           00 01                                              .swstall "delay_slot"
